
 *******************************************************
   *** Welcome to cGENIE -- version: v2-16-g07ad1ef
 *******************************************************

 =======================================================
  >>> Initialising GOLDSTEIN ocean module ...
  <<< Initialisation complete
 =======================================================
 =======================================================
  >>> Initialising EMBM atmosphere module ...
  <<< Initialisation complete
 =======================================================
 =======================================================
  >>> Initialising sea-ice module ...
  <<< Initialisation complete
 =======================================================
 =======================================================
  >>> Initialising GEM geochemistry module ...
  <<< Initialisation complete
 =======================================================
 =======================================================
  >>> Initialising BIOGEM ocean biogeochem. module ...
  <<< Initialisation complete
 =======================================================
 =======================================================
  >>> Initialising ATCHEM atmospheric chem. module ...
  <<< Initialisation complete
 =======================================================

 *******************************************************
  *** Initialisation complete: simulation starting ...
 *******************************************************
  
      model year  * pCO2(uatm)   d13CO2  *  AMO(Sv)  ice(%)   <SST>   <SSS>  *  <DIC>(uM)  <ALK>(uM)
  
 $N$        0.00       278.000   -6.500       0.000   0.000  -0.000  34.900      2244.000   2363.000
 >>> SAVING BIOGEM TIME-SLICE AVERAGE CENTERED @ year  :        0.500
 >>> SAVING BIOGEM TIME-SERIES AVERAGE CENTERED @ year :        0.500
 $N$        1.00       279.960   -6.598      13.613   0.744   2.509  34.901      2241.498   2363.114
 >>> SAVING BIOGEM TIME-SLICE AVERAGE CENTERED @ year  :        1.500
 >>> SAVING BIOGEM TIME-SERIES AVERAGE CENTERED @ year :        1.500
 $N$        2.00       279.524   -6.580      12.828   3.499   4.471  34.901      2240.173   2363.139
 >>> SAVING BIOGEM TIME-SERIES AVERAGE CENTERED @ year :        2.500
 $N$        3.00       279.258   -6.568      11.695   5.028   5.996  34.901      2239.169   2363.165
 >>> SAVING BIOGEM TIME-SERIES AVERAGE CENTERED @ year :        3.500
 $N$        4.00       279.044   -6.558      10.444   5.929   7.209  34.901      2238.355   2363.194
 >>> SAVING BIOGEM TIME-SLICE AVERAGE CENTERED @ year  :        4.500
 >>> SAVING BIOGEM TIME-SERIES AVERAGE CENTERED @ year :        4.500
 $N$        5.00       278.899   -6.551       9.380   6.191   8.156  34.902      2237.665   2363.223
 >>> SAVING BIOGEM TIME-SERIES AVERAGE CENTERED @ year :        5.500
 $N$        6.00       278.777   -6.545       8.500   6.623   8.975  34.902      2237.070   2363.249
 >>> SAVING BIOGEM TIME-SERIES AVERAGE CENTERED @ year :        6.500
 $N$        7.00       278.680   -6.541       7.922   6.629   9.637  34.903      2236.549   2363.270
 >>> SAVING BIOGEM TIME-SERIES AVERAGE CENTERED @ year :        7.500
 $N$        8.00       278.601   -6.537       7.917   6.738  10.225  34.903      2236.088   2363.288
 >>> SAVING BIOGEM TIME-SERIES AVERAGE CENTERED @ year :        8.500
 $N$        9.00       278.528   -6.534       7.952   6.740  10.732  34.904      2235.683   2363.304
 >>> SAVING BIOGEM TIME-SLICE AVERAGE CENTERED @ year  :        9.500
 >>> SAVING BIOGEM TIME-SERIES AVERAGE CENTERED @ year :        9.500
 $N$       10.00       278.466   -6.531       8.025   6.694  11.176  34.904      2235.326   2363.317
 >>> SAVING BIOGEM TIME-SERIES AVERAGE CENTERED @ year :       10.500
 $N$       11.00       278.409   -6.529       8.292   6.959  11.618  34.904      2235.013   2363.329
 >>> SAVING BIOGEM TIME-SERIES AVERAGE CENTERED @ year :       11.500
 $N$       12.00       278.361   -6.526       8.396   6.950  11.980  34.905      2234.740   2363.339
 >>> SAVING BIOGEM TIME-SERIES AVERAGE CENTERED @ year :       12.500
 $N$       13.00       278.323   -6.524       8.512   7.052  12.323  34.906      2234.497   2363.349
 >>> SAVING BIOGEM TIME-SERIES AVERAGE CENTERED @ year :       13.500
 $N$       14.00       278.290   -6.523       8.760   7.186  12.643  34.907      2234.279   2363.358
 >>> SAVING BIOGEM TIME-SERIES AVERAGE CENTERED @ year :       14.500
 $N$       15.00       278.260   -6.521       9.144   7.651  12.987  34.908      2234.086   2363.366
 >>> SAVING BIOGEM TIME-SERIES AVERAGE CENTERED @ year :       15.500
 $N$       16.00       278.226   -6.519       9.362   8.159  13.318  34.909      2233.917   2363.373
 >>> SAVING BIOGEM TIME-SERIES AVERAGE CENTERED @ year :       16.500
 $N$       17.00       278.204   -6.518       9.539   8.362  13.578  34.910      2233.768   2363.380
 >>> SAVING BIOGEM TIME-SERIES AVERAGE CENTERED @ year :       17.500
 $N$       18.00       278.187   -6.517       9.760   8.462  13.802  34.911      2233.631   2363.386
 >>> SAVING BIOGEM TIME-SERIES AVERAGE CENTERED @ year :       18.500
 $N$       19.00       278.168   -6.515      10.029   8.794  14.048  34.912      2233.510   2363.392
 >>> SAVING BIOGEM TIME-SLICE AVERAGE CENTERED @ year  :       19.500
 >>> SAVING BIOGEM TIME-SERIES AVERAGE CENTERED @ year :       19.500
 $N$       20.00       278.159   -6.515      10.350   8.787  14.222  34.913      2233.395   2363.397
 >>> SAVING BIOGEM TIME-SERIES AVERAGE CENTERED @ year :       21.500
 $N$       22.00       278.140   -6.513      10.772   8.840  14.543  34.915      2233.185   2363.406
 >>> SAVING BIOGEM TIME-SERIES AVERAGE CENTERED @ year :       23.500
 $N$       24.00       278.124   -6.512      11.094   8.876  14.821  34.918      2233.001   2363.413
 >>> SAVING BIOGEM TIME-SERIES AVERAGE CENTERED @ year :       25.500
 $N$       26.00       278.110   -6.511      11.230   8.867  15.062  34.921      2232.834   2363.418
 >>> SAVING BIOGEM TIME-SERIES AVERAGE CENTERED @ year :       27.500
 $N$       28.00       278.095   -6.510      11.138   8.760  15.268  34.924      2232.689   2363.422
 >>> SAVING BIOGEM TIME-SERIES AVERAGE CENTERED @ year :       29.500
 $N$       30.00       278.086   -6.510      11.066   8.659  15.456  34.927      2232.560   2363.426
 >>> SAVING BIOGEM TIME-SERIES AVERAGE CENTERED @ year :       31.500
 $N$       32.00       278.079   -6.509      11.026   8.356  15.592  34.930      2232.440   2363.428
 >>> SAVING BIOGEM TIME-SERIES AVERAGE CENTERED @ year :       33.500
 $N$       34.00       278.072   -6.509      10.930   8.258  15.755  34.933      2232.333   2363.430
 >>> SAVING BIOGEM TIME-SERIES AVERAGE CENTERED @ year :       35.500
 $N$       36.00       278.066   -6.508      10.688   8.035  15.880  34.936      2232.233   2363.431
 >>> SAVING BIOGEM TIME-SERIES AVERAGE CENTERED @ year :       37.500
 $N$       38.00       278.062   -6.508      10.417   8.025  16.034  34.939      2232.142   2363.432
 >>> SAVING BIOGEM TIME-SERIES AVERAGE CENTERED @ year :       39.500
 $N$       40.00       278.059   -6.507      10.161   8.022  16.177  34.942      2232.056   2363.432
 >>> SAVING BIOGEM TIME-SERIES AVERAGE CENTERED @ year :       41.500
 $N$       42.00       278.056   -6.507       9.952   7.988  16.303  34.946      2231.972   2363.432
 >>> SAVING BIOGEM TIME-SERIES AVERAGE CENTERED @ year :       43.500
 $N$       44.00       278.058   -6.507       9.725   7.694  16.369  34.948      2231.888   2363.432
 >>> SAVING BIOGEM TIME-SERIES AVERAGE CENTERED @ year :       45.500
 $N$       46.00       278.057   -6.507       9.535   7.347  16.418  34.951      2231.802   2363.432
 >>> SAVING BIOGEM TIME-SERIES AVERAGE CENTERED @ year :       47.500
 $N$       48.00       278.053   -6.506       9.428   7.123  16.485  34.953      2231.722   2363.432
 >>> SAVING BIOGEM TIME-SLICE AVERAGE CENTERED @ year  :       49.500
 >>> SAVING BIOGEM TIME-SERIES AVERAGE CENTERED @ year :       49.500
 $N$       50.00       278.050   -6.506       9.326   6.995  16.569  34.956      2231.645   2363.432
 >>> SAVING BIOGEM TIME-SERIES AVERAGE CENTERED @ year :       51.500
 $N$       52.00       278.047   -6.506       9.242   6.898  16.649  34.958      2231.573   2363.431
 >>> SAVING BIOGEM TIME-SERIES AVERAGE CENTERED @ year :       53.500
 $N$       54.00       278.046   -6.506       9.182   6.636  16.690  34.961      2231.504   2363.431
 >>> SAVING BIOGEM TIME-SERIES AVERAGE CENTERED @ year :       55.500
 $N$       56.00       278.045   -6.506       9.129   6.268  16.708  34.963      2231.434   2363.430
 >>> SAVING BIOGEM TIME-SERIES AVERAGE CENTERED @ year :       57.500
 $N$       58.00       278.042   -6.506       9.085   5.917  16.727  34.964      2231.369   2363.430
 >>> SAVING BIOGEM TIME-SERIES AVERAGE CENTERED @ year :       59.500
 $N$       60.00       278.042   -6.506       9.046   5.655  16.764  34.967      2231.306   2363.430
 >>> SAVING BIOGEM TIME-SERIES AVERAGE CENTERED @ year :       61.500
 $N$       62.00       278.041   -6.506       9.000   5.227  16.762  34.968      2231.242   2363.430
 >>> SAVING BIOGEM TIME-SERIES AVERAGE CENTERED @ year :       63.500
 $N$       64.00       278.040   -6.506       8.956   5.089  16.810  34.971      2231.180   2363.430
 >>> SAVING BIOGEM TIME-SERIES AVERAGE CENTERED @ year :       65.500
 $N$       66.00       278.038   -6.505       8.920   5.001  16.862  34.973      2231.122   2363.430
 >>> SAVING BIOGEM TIME-SERIES AVERAGE CENTERED @ year :       67.500
 $N$       68.00       278.036   -6.505       8.891   4.957  16.918  34.975      2231.066   2363.430
 >>> SAVING BIOGEM TIME-SERIES AVERAGE CENTERED @ year :       69.500
 $N$       70.00       278.034   -6.505       8.866   4.940  16.975  34.977      2231.014   2363.430
 >>> SAVING BIOGEM TIME-SERIES AVERAGE CENTERED @ year :       71.500
 $N$       72.00       278.033   -6.505       8.843   4.917  17.027  34.979      2230.963   2363.430
 >>> SAVING BIOGEM TIME-SERIES AVERAGE CENTERED @ year :       73.500
 $N$       74.00       278.031   -6.505       8.824   4.785  17.056  34.981      2230.914   2363.429
 >>> SAVING BIOGEM TIME-SERIES AVERAGE CENTERED @ year :       75.500
 $N$       76.00       278.031   -6.505       8.808   4.657  17.085  34.983      2230.866   2363.429
 >>> SAVING BIOGEM TIME-SERIES AVERAGE CENTERED @ year :       77.500
 $N$       78.00       278.029   -6.505       8.797   4.631  17.130  34.985      2230.821   2363.429
 >>> SAVING BIOGEM TIME-SERIES AVERAGE CENTERED @ year :       79.500
 $N$       80.00       278.028   -6.505       8.791   4.624  17.175  34.987      2230.777   2363.428
 >>> SAVING BIOGEM TIME-SERIES AVERAGE CENTERED @ year :       81.500
 $N$       82.00       278.027   -6.505       8.789   4.602  17.215  34.989      2230.736   2363.428
 >>> SAVING BIOGEM TIME-SERIES AVERAGE CENTERED @ year :       83.500
 $N$       84.00       278.026   -6.504       8.790   4.600  17.256  34.991      2230.696   2363.427
 >>> SAVING BIOGEM TIME-SERIES AVERAGE CENTERED @ year :       85.500
 $N$       86.00       278.025   -6.504       8.793   4.596  17.294  34.993      2230.658   2363.427
 >>> SAVING BIOGEM TIME-SERIES AVERAGE CENTERED @ year :       87.500
 $N$       88.00       278.024   -6.504       8.800   4.528  17.318  34.995      2230.620   2363.426
 >>> SAVING BIOGEM TIME-SERIES AVERAGE CENTERED @ year :       89.500
 $N$       90.00       278.023   -6.504       8.846   4.505  17.349  34.996      2230.585   2363.425
 >>> SAVING BIOGEM TIME-SERIES AVERAGE CENTERED @ year :       91.500
 $N$       92.00       278.020   -6.504       8.887   4.438  17.372  34.998      2230.551   2363.425
 >>> SAVING BIOGEM TIME-SERIES AVERAGE CENTERED @ year :       93.500
 $N$       94.00       278.020   -6.504       8.928   4.428  17.402  35.000      2230.521   2363.424
 >>> SAVING BIOGEM TIME-SERIES AVERAGE CENTERED @ year :       95.500
 $N$       96.00       278.019   -6.504       8.962   4.410  17.430  35.001      2230.491   2363.423
 >>> SAVING BIOGEM TIME-SERIES AVERAGE CENTERED @ year :       97.500
 $N$       98.00       278.018   -6.504       8.991   4.404  17.458  35.003      2230.462   2363.423
 >>> SAVING BIOGEM TIME-SLICE AVERAGE CENTERED @ year  :       99.500
 >>> SAVING BIOGEM TIME-SERIES AVERAGE CENTERED @ year :       99.500
 $N$      100.00       278.017   -6.504       9.020   4.398  17.485  35.004      2230.435   2363.423
 >>> SAVING BIOGEM TIME-SERIES AVERAGE CENTERED @ year :      104.500
 $N$      105.00       278.016   -6.504       9.109   4.385  17.547  35.008      2230.372   2363.423
 >>> SAVING BIOGEM TIME-SERIES AVERAGE CENTERED @ year :      109.500
 $N$      110.00       278.014   -6.504       9.226   4.378  17.604  35.012      2230.315   2363.424
 >>> SAVING BIOGEM TIME-SERIES AVERAGE CENTERED @ year :      114.500
 $N$      115.00       278.013   -6.504       9.358   4.281  17.637  35.014      2230.261   2363.425
 >>> SAVING BIOGEM TIME-SERIES AVERAGE CENTERED @ year :      119.500
 $N$      120.00       278.011   -6.503       9.499   4.275  17.683  35.017      2230.213   2363.425
 >>> SAVING BIOGEM TIME-SERIES AVERAGE CENTERED @ year :      124.500
 $N$      125.00       278.010   -6.503       9.646   4.269  17.724  35.020      2230.171   2363.426
 >>> SAVING BIOGEM TIME-SERIES AVERAGE CENTERED @ year :      129.500
 $N$      130.00       278.009   -6.503       9.795   4.200  17.750  35.021      2230.134   2363.427
 >>> SAVING BIOGEM TIME-SERIES AVERAGE CENTERED @ year :      134.500
 $N$      135.00       278.008   -6.503       9.922   4.197  17.785  35.024      2230.101   2363.429
 >>> SAVING BIOGEM TIME-SERIES AVERAGE CENTERED @ year :      139.500
 $N$      140.00       278.007   -6.503      10.064   4.194  17.817  35.026      2230.071   2363.429
 >>> SAVING BIOGEM TIME-SERIES AVERAGE CENTERED @ year :      144.500
 $N$      145.00       278.007   -6.503      10.223   4.189  17.846  35.027      2230.043   2363.430
 >>> SAVING BIOGEM TIME-SERIES AVERAGE CENTERED @ year :      149.500
 $N$      150.00       278.006   -6.503      10.382   4.157  17.867  35.029      2230.017   2363.431
 >>> SAVING BIOGEM TIME-SERIES AVERAGE CENTERED @ year :      154.500
 $N$      155.00       278.006   -6.503      10.539   4.156  17.892  35.030      2229.993   2363.431
 >>> SAVING BIOGEM TIME-SERIES AVERAGE CENTERED @ year :      159.500
 $N$      160.00       278.005   -6.503      10.714   4.155  17.915  35.031      2229.971   2363.431
 >>> SAVING BIOGEM TIME-SERIES AVERAGE CENTERED @ year :      164.500
 $N$      165.00       278.006   -6.503      10.884   4.154  17.936  35.032      2229.949   2363.431
 >>> SAVING BIOGEM TIME-SERIES AVERAGE CENTERED @ year :      169.500
 $N$      170.00       278.005   -6.503      11.045   4.153  17.955  35.033      2229.926   2363.431
 >>> SAVING BIOGEM TIME-SERIES AVERAGE CENTERED @ year :      174.500
 $N$      175.00       278.005   -6.503      11.199   4.152  17.973  35.034      2229.906   2363.431
 >>> SAVING BIOGEM TIME-SERIES AVERAGE CENTERED @ year :      179.500
 $N$      180.00       278.005   -6.503      11.346   4.150  17.989  35.035      2229.886   2363.431
 >>> SAVING BIOGEM TIME-SERIES AVERAGE CENTERED @ year :      184.500
 $N$      185.00       278.005   -6.503      11.487   4.149  18.004  35.035      2229.867   2363.431
 >>> SAVING BIOGEM TIME-SERIES AVERAGE CENTERED @ year :      189.500
 $N$      190.00       278.005   -6.503      11.623   4.148  18.018  35.036      2229.848   2363.430
 >>> SAVING BIOGEM TIME-SERIES AVERAGE CENTERED @ year :      194.500
 $N$      195.00       278.004   -6.503      11.723   4.147  18.030  35.036      2229.830   2363.430
 >>> SAVING BIOGEM TIME-SLICE AVERAGE CENTERED @ year  :      199.500
 >>> SAVING BIOGEM TIME-SERIES AVERAGE CENTERED @ year :      199.500
 $N$      200.00       278.004   -6.503      11.807   4.146  18.042  35.036      2229.812   2363.429
 >>> SAVING BIOGEM TIME-SERIES AVERAGE CENTERED @ year :      204.500
 $N$      205.00       278.004   -6.503      11.926   4.145  18.053  35.037      2229.794   2363.429
 >>> SAVING BIOGEM TIME-SERIES AVERAGE CENTERED @ year :      209.500
 $N$      210.00       278.004   -6.503      12.045   4.143  18.063  35.037      2229.776   2363.428
 >>> SAVING BIOGEM TIME-SERIES AVERAGE CENTERED @ year :      214.500
 $N$      215.00       278.004   -6.503      12.158   4.142  18.073  35.037      2229.758   2363.427
 >>> SAVING BIOGEM TIME-SERIES AVERAGE CENTERED @ year :      219.500
 $N$      220.00       278.004   -6.503      12.265   4.141  18.082  35.037      2229.740   2363.425
 >>> SAVING BIOGEM TIME-SERIES AVERAGE CENTERED @ year :      224.500
 $N$      225.00       278.004   -6.503      12.367   4.140  18.090  35.037      2229.722   2363.424
 >>> SAVING BIOGEM TIME-SERIES AVERAGE CENTERED @ year :      229.500
 $N$      230.00       278.004   -6.502      12.465   4.139  18.098  35.036      2229.704   2363.422
 >>> SAVING BIOGEM TIME-SERIES AVERAGE CENTERED @ year :      234.500
 $N$      235.00       278.004   -6.502      12.558   4.138  18.105  35.036      2229.686   2363.421
 >>> SAVING BIOGEM TIME-SERIES AVERAGE CENTERED @ year :      239.500
 $N$      240.00       278.004   -6.502      12.647   4.137  18.112  35.036      2229.668   2363.419
 >>> SAVING BIOGEM TIME-SERIES AVERAGE CENTERED @ year :      244.500
 $N$      245.00       278.005   -6.502      12.731   4.136  18.118  35.036      2229.650   2363.417
 >>> SAVING BIOGEM TIME-SERIES AVERAGE CENTERED @ year :      249.500
 $N$      250.00       278.005   -6.502      12.798   4.135  18.124  35.035      2229.631   2363.415
 >>> SAVING BIOGEM TIME-SERIES AVERAGE CENTERED @ year :      254.500
 $N$      255.00       278.005   -6.502      12.881   4.134  18.130  35.035      2229.612   2363.412
 >>> SAVING BIOGEM TIME-SERIES AVERAGE CENTERED @ year :      259.500
 $N$      260.00       278.005   -6.502      12.959   4.133  18.135  35.034      2229.593   2363.410
 >>> SAVING BIOGEM TIME-SERIES AVERAGE CENTERED @ year :      264.500
 $N$      265.00       278.005   -6.502      13.031   4.133  18.140  35.034      2229.575   2363.407
 >>> SAVING BIOGEM TIME-SERIES AVERAGE CENTERED @ year :      269.500
 $N$      270.00       278.005   -6.502      13.098   4.132  18.145  35.033      2229.556   2363.405
 >>> SAVING BIOGEM TIME-SERIES AVERAGE CENTERED @ year :      274.500
 $N$      275.00       278.005   -6.502      13.162   4.131  18.150  35.033      2229.537   2363.401
 >>> SAVING BIOGEM TIME-SERIES AVERAGE CENTERED @ year :      279.500
 $N$      280.00       278.005   -6.502      13.223   4.130  18.154  35.032      2229.518   2363.398
 >>> SAVING BIOGEM TIME-SERIES AVERAGE CENTERED @ year :      284.500
 $N$      285.00       278.005   -6.502      13.281   4.129  18.158  35.031      2229.499   2363.393
 >>> SAVING BIOGEM TIME-SERIES AVERAGE CENTERED @ year :      289.500
 $N$      290.00       278.005   -6.502      13.261   4.129  18.161  35.031      2229.479   2363.388
 >>> SAVING BIOGEM TIME-SERIES AVERAGE CENTERED @ year :      294.500
 $N$      295.00       278.005   -6.502      13.292   4.129  18.164  35.030      2229.460   2363.383
 >>> SAVING BIOGEM TIME-SERIES AVERAGE CENTERED @ year :      299.500
 $N$      300.00       278.005   -6.502      13.351   4.128  18.167  35.029      2229.442   2363.378
 >>> SAVING BIOGEM TIME-SERIES AVERAGE CENTERED @ year :      304.500
 $N$      305.00       278.005   -6.502      13.407   4.127  18.170  35.029      2229.423   2363.375
 >>> SAVING BIOGEM TIME-SERIES AVERAGE CENTERED @ year :      309.500
 $N$      310.00       278.005   -6.502      13.457   4.127  18.174  35.028      2229.404   2363.372
 >>> SAVING BIOGEM TIME-SERIES AVERAGE CENTERED @ year :      314.500
 $N$      315.00       278.005   -6.502      13.503   4.126  18.177  35.027      2229.385   2363.369
 >>> SAVING BIOGEM TIME-SERIES AVERAGE CENTERED @ year :      319.500
 $N$      320.00       278.005   -6.502      13.546   4.125  18.180  35.027      2229.367   2363.367
 >>> SAVING BIOGEM TIME-SERIES AVERAGE CENTERED @ year :      324.500
 $N$      325.00       278.005   -6.502      13.587   4.124  18.182  35.026      2229.349   2363.366
 >>> SAVING BIOGEM TIME-SERIES AVERAGE CENTERED @ year :      329.500
 $N$      330.00       278.005   -6.502      13.627   4.124  18.185  35.025      2229.331   2363.364
 >>> SAVING BIOGEM TIME-SERIES AVERAGE CENTERED @ year :      334.500
 $N$      335.00       278.004   -6.502      13.665   4.123  18.188  35.025      2229.313   2363.363
 >>> SAVING BIOGEM TIME-SERIES AVERAGE CENTERED @ year :      339.500
 $N$      340.00       278.004   -6.502      13.702   4.122  18.190  35.024      2229.295   2363.361
 >>> SAVING BIOGEM TIME-SERIES AVERAGE CENTERED @ year :      344.500
 $N$      345.00       278.004   -6.502      13.737   4.122  18.193  35.023      2229.278   2363.358
 >>> SAVING BIOGEM TIME-SERIES AVERAGE CENTERED @ year :      349.500
 $N$      350.00       278.004   -6.502      13.772   4.121  18.195  35.023      2229.260   2363.355
 >>> SAVING BIOGEM TIME-SERIES AVERAGE CENTERED @ year :      354.500
 $N$      355.00       278.004   -6.502      13.806   4.120  18.197  35.022      2229.243   2363.352
 >>> SAVING BIOGEM TIME-SERIES AVERAGE CENTERED @ year :      359.500
 $N$      360.00       278.004   -6.502      13.839   4.120  18.199  35.021      2229.226   2363.349
 >>> SAVING BIOGEM TIME-SERIES AVERAGE CENTERED @ year :      364.500
 $N$      365.00       278.004   -6.502      13.872   4.119  18.201  35.021      2229.209   2363.346
 >>> SAVING BIOGEM TIME-SERIES AVERAGE CENTERED @ year :      369.500
 $N$      370.00       278.004   -6.502      13.903   4.118  18.204  35.020      2229.192   2363.344
 >>> SAVING BIOGEM TIME-SERIES AVERAGE CENTERED @ year :      374.500
 $N$      375.00       278.004   -6.502      13.934   4.118  18.206  35.019      2229.175   2363.343
 >>> SAVING BIOGEM TIME-SERIES AVERAGE CENTERED @ year :      379.500
 $N$      380.00       278.004   -6.502      13.964   4.117  18.208  35.019      2229.159   2363.342
 >>> SAVING BIOGEM TIME-SERIES AVERAGE CENTERED @ year :      384.500
 $N$      385.00       278.004   -6.502      13.994   4.116  18.209  35.018      2229.142   2363.341
 >>> SAVING BIOGEM TIME-SERIES AVERAGE CENTERED @ year :      389.500
 $N$      390.00       278.004   -6.502      14.022   4.116  18.211  35.017      2229.126   2363.340
 >>> SAVING BIOGEM TIME-SERIES AVERAGE CENTERED @ year :      394.500
 $N$      395.00       278.004   -6.502      14.050   4.115  18.213  35.017      2229.109   2363.339
 >>> SAVING BIOGEM TIME-SERIES AVERAGE CENTERED @ year :      399.500
 $N$      400.00       278.004   -6.502      14.077   4.114  18.215  35.016      2229.093   2363.339
 >>> SAVING BIOGEM TIME-SERIES AVERAGE CENTERED @ year :      404.500
 $N$      405.00       278.004   -6.502      14.104   4.114  18.217  35.015      2229.077   2363.338
 >>> SAVING BIOGEM TIME-SERIES AVERAGE CENTERED @ year :      409.500
 $N$      410.00       278.004   -6.502      14.106   4.113  18.218  35.015      2229.061   2363.338
 >>> SAVING BIOGEM TIME-SERIES AVERAGE CENTERED @ year :      414.500
 $N$      415.00       278.004   -6.502      14.122   4.113  18.220  35.014      2229.045   2363.338
 >>> SAVING BIOGEM TIME-SERIES AVERAGE CENTERED @ year :      419.500
 $N$      420.00       278.004   -6.502      14.154   4.112  18.222  35.013      2229.029   2363.338
 >>> SAVING BIOGEM TIME-SERIES AVERAGE CENTERED @ year :      424.500
 $N$      425.00       278.004   -6.502      14.183   4.111  18.223  35.013      2229.013   2363.337
 >>> SAVING BIOGEM TIME-SERIES AVERAGE CENTERED @ year :      429.500
 $N$      430.00       278.004   -6.502      14.209   4.110  18.225  35.012      2228.998   2363.338
 >>> SAVING BIOGEM TIME-SERIES AVERAGE CENTERED @ year :      434.500
 $N$      435.00       278.004   -6.502      14.235   4.109  18.227  35.011      2228.982   2363.338
 >>> SAVING BIOGEM TIME-SERIES AVERAGE CENTERED @ year :      439.500
 $N$      440.00       278.004   -6.502      14.259   4.108  18.228  35.011      2228.967   2363.338
 >>> SAVING BIOGEM TIME-SERIES AVERAGE CENTERED @ year :      444.500
 $N$      445.00       278.004   -6.502      14.283   4.107  18.230  35.010      2228.951   2363.339
 >>> SAVING BIOGEM TIME-SERIES AVERAGE CENTERED @ year :      449.500
 $N$      450.00       278.004   -6.502      14.307   4.106  18.232  35.010      2228.936   2363.339
 >>> SAVING BIOGEM TIME-SERIES AVERAGE CENTERED @ year :      454.500
 $N$      455.00       278.004   -6.502      14.330   4.105  18.233  35.009      2228.920   2363.339
 >>> SAVING BIOGEM TIME-SERIES AVERAGE CENTERED @ year :      459.500
 $N$      460.00       278.004   -6.502      14.352   4.104  18.235  35.008      2228.905   2363.340
 >>> SAVING BIOGEM TIME-SERIES AVERAGE CENTERED @ year :      464.500
 $N$      465.00       278.004   -6.502      14.374   4.103  18.236  35.008      2228.889   2363.340
 >>> SAVING BIOGEM TIME-SERIES AVERAGE CENTERED @ year :      469.500
 $N$      470.00       278.004   -6.502      14.396   4.101  18.238  35.007      2228.874   2363.341
 >>> SAVING BIOGEM TIME-SERIES AVERAGE CENTERED @ year :      474.500
 $N$      475.00       278.004   -6.502      14.417   4.100  18.239  35.007      2228.858   2363.341
 >>> SAVING BIOGEM TIME-SERIES AVERAGE CENTERED @ year :      479.500
 $N$      480.00       278.004   -6.502      14.438   4.098  18.240  35.006      2228.843   2363.341
 >>> SAVING BIOGEM TIME-SERIES AVERAGE CENTERED @ year :      484.500
 $N$      485.00       278.004   -6.502      14.458   4.096  18.242  35.005      2228.828   2363.342
 >>> SAVING BIOGEM TIME-SERIES AVERAGE CENTERED @ year :      489.500
 $N$      490.00       278.004   -6.502      14.477   4.094  18.243  35.005      2228.812   2363.342
 >>> SAVING BIOGEM TIME-SERIES AVERAGE CENTERED @ year :      494.500
 $N$      495.00       278.004   -6.502      14.495   4.091  18.244  35.004      2228.797   2363.342
 >>> SAVING BIOGEM TIME-SLICE AVERAGE CENTERED @ year  :      499.500
 >>> SAVING BIOGEM TIME-SERIES AVERAGE CENTERED @ year :      499.500
 $N$      500.00       278.004   -6.502      14.513   4.087  18.245  35.004      2228.781   2363.343
 >>> SAVING BIOGEM TIME-SERIES AVERAGE CENTERED @ year :      504.500
 $N$      505.00       278.004   -6.502      14.528   4.083  18.246  35.003      2228.766   2363.343
 >>> SAVING BIOGEM TIME-SERIES AVERAGE CENTERED @ year :      509.500
 $N$      510.00       278.003   -6.502      14.487   3.947  18.222  35.002      2228.752   2363.344
 >>> SAVING BIOGEM TIME-SERIES AVERAGE CENTERED @ year :      514.500
 $N$      515.00       278.003   -6.502      14.357   3.938  18.223  35.001      2228.740   2363.344
 >>> SAVING BIOGEM TIME-SERIES AVERAGE CENTERED @ year :      519.500
 $N$      520.00       278.003   -6.502      14.327   3.937  18.226  35.000      2228.727   2363.344
 >>> SAVING BIOGEM TIME-SERIES AVERAGE CENTERED @ year :      524.500
 $N$      525.00       278.003   -6.502      14.343   3.936  18.229  35.000      2228.714   2363.344
 >>> SAVING BIOGEM TIME-SERIES AVERAGE CENTERED @ year :      529.500
 $N$      530.00       278.003   -6.502      14.366   3.935  18.231  34.999      2228.701   2363.344
 >>> SAVING BIOGEM TIME-SERIES AVERAGE CENTERED @ year :      534.500
 $N$      535.00       278.003   -6.502      14.388   3.934  18.234  34.999      2228.689   2363.344
 >>> SAVING BIOGEM TIME-SERIES AVERAGE CENTERED @ year :      539.500
 $N$      540.00       278.003   -6.502      14.408   3.934  18.236  34.998      2228.676   2363.345
 >>> SAVING BIOGEM TIME-SERIES AVERAGE CENTERED @ year :      544.500
 $N$      545.00       278.003   -6.502      14.429   3.933  18.238  34.998      2228.663   2363.345
 >>> SAVING BIOGEM TIME-SERIES AVERAGE CENTERED @ year :      549.500
 $N$      550.00       278.003   -6.502      14.450   3.932  18.240  34.998      2228.651   2363.345
 >>> SAVING BIOGEM TIME-SERIES AVERAGE CENTERED @ year :      554.500
 $N$      555.00       278.003   -6.502      14.471   3.932  18.242  34.997      2228.638   2363.345
 >>> SAVING BIOGEM TIME-SERIES AVERAGE CENTERED @ year :      559.500
 $N$      560.00       278.003   -6.502      14.492   3.931  18.244  34.997      2228.625   2363.346
 >>> SAVING BIOGEM TIME-SERIES AVERAGE CENTERED @ year :      564.500
 $N$      565.00       278.003   -6.502      14.513   3.930  18.246  34.996      2228.612   2363.346
 >>> SAVING BIOGEM TIME-SERIES AVERAGE CENTERED @ year :      569.500
 $N$      570.00       278.003   -6.502      14.534   3.930  18.248  34.996      2228.598   2363.346
 >>> SAVING BIOGEM TIME-SERIES AVERAGE CENTERED @ year :      574.500
 $N$      575.00       278.003   -6.502      14.554   3.929  18.250  34.995      2228.585   2363.346
 >>> SAVING BIOGEM TIME-SERIES AVERAGE CENTERED @ year :      579.500
 $N$      580.00       278.003   -6.502      14.575   3.929  18.252  34.995      2228.572   2363.347
 >>> SAVING BIOGEM TIME-SERIES AVERAGE CENTERED @ year :      584.500
 $N$      585.00       278.003   -6.502      14.595   3.928  18.253  34.995      2228.558   2363.347
 >>> SAVING BIOGEM TIME-SERIES AVERAGE CENTERED @ year :      589.500
 $N$      590.00       278.004   -6.502      14.615   3.928  18.255  34.994      2228.544   2363.347
 >>> SAVING BIOGEM TIME-SERIES AVERAGE CENTERED @ year :      594.500
 $N$      595.00       278.004   -6.502      14.634   3.927  18.257  34.994      2228.530   2363.347
 >>> SAVING BIOGEM TIME-SERIES AVERAGE CENTERED @ year :      599.500
 $N$      600.00       278.004   -6.502      14.654   3.926  18.259  34.993      2228.516   2363.348
 >>> SAVING BIOGEM TIME-SERIES AVERAGE CENTERED @ year :      604.500
 $N$      605.00       278.004   -6.502      14.672   3.926  18.260  34.993      2228.501   2363.348
 >>> SAVING BIOGEM TIME-SERIES AVERAGE CENTERED @ year :      609.500
 $N$      610.00       278.004   -6.502      14.691   3.925  18.262  34.993      2228.486   2363.348
 >>> SAVING BIOGEM TIME-SERIES AVERAGE CENTERED @ year :      614.500
 $N$      615.00       278.004   -6.502      14.709   3.925  18.264  34.992      2228.472   2363.349
 >>> SAVING BIOGEM TIME-SERIES AVERAGE CENTERED @ year :      619.500
 $N$      620.00       278.004   -6.501      14.727   3.924  18.265  34.992      2228.456   2363.349
 >>> SAVING BIOGEM TIME-SERIES AVERAGE CENTERED @ year :      624.500
 $N$      625.00       278.004   -6.501      14.744   3.924  18.267  34.991      2228.441   2363.349
 >>> SAVING BIOGEM TIME-SERIES AVERAGE CENTERED @ year :      629.500
 $N$      630.00       278.004   -6.501      14.762   3.923  18.269  34.991      2228.426   2363.350
 >>> SAVING BIOGEM TIME-SERIES AVERAGE CENTERED @ year :      634.500
 $N$      635.00       278.004   -6.501      14.778   3.923  18.270  34.991      2228.410   2363.350
 >>> SAVING BIOGEM TIME-SERIES AVERAGE CENTERED @ year :      639.500
 $N$      640.00       278.004   -6.501      14.790   3.922  18.272  34.990      2228.393   2363.350
 >>> SAVING BIOGEM TIME-SERIES AVERAGE CENTERED @ year :      644.500
 $N$      645.00       278.004   -6.501      14.794   3.922  18.274  34.990      2228.377   2363.350
 >>> SAVING BIOGEM TIME-SERIES AVERAGE CENTERED @ year :      649.500
 $N$      650.00       278.004   -6.501      14.813   3.922  18.275  34.989      2228.360   2363.351
 >>> SAVING BIOGEM TIME-SERIES AVERAGE CENTERED @ year :      654.500
 $N$      655.00       278.004   -6.501      14.832   3.921  18.277  34.989      2228.343   2363.351
 >>> SAVING BIOGEM TIME-SERIES AVERAGE CENTERED @ year :      659.500
 $N$      660.00       278.004   -6.501      14.848   3.921  18.278  34.989      2228.326   2363.351
 >>> SAVING BIOGEM TIME-SERIES AVERAGE CENTERED @ year :      664.500
 $N$      665.00       278.004   -6.501      14.864   3.920  18.280  34.988      2228.308   2363.352
 >>> SAVING BIOGEM TIME-SERIES AVERAGE CENTERED @ year :      669.500
 $N$      670.00       278.004   -6.501      14.880   3.920  18.281  34.988      2228.291   2363.352
 >>> SAVING BIOGEM TIME-SERIES AVERAGE CENTERED @ year :      674.500
 $N$      675.00       278.005   -6.501      14.895   3.919  18.283  34.988      2228.273   2363.352
 >>> SAVING BIOGEM TIME-SERIES AVERAGE CENTERED @ year :      679.500
 $N$      680.00       278.005   -6.501      14.910   3.919  18.284  34.987      2228.255   2363.352
 >>> SAVING BIOGEM TIME-SERIES AVERAGE CENTERED @ year :      684.500
 $N$      685.00       278.005   -6.501      14.924   3.918  18.286  34.987      2228.237   2363.353
 >>> SAVING BIOGEM TIME-SERIES AVERAGE CENTERED @ year :      689.500
 $N$      690.00       278.005   -6.501      14.939   3.917  18.287  34.987      2228.218   2363.353
 >>> SAVING BIOGEM TIME-SERIES AVERAGE CENTERED @ year :      694.500
 $N$      695.00       278.005   -6.501      14.953   3.917  18.289  34.986      2228.200   2363.353
 >>> SAVING BIOGEM TIME-SERIES AVERAGE CENTERED @ year :      699.500
 $N$      700.00       278.005   -6.501      14.967   3.916  18.290  34.986      2228.181   2363.354
 >>> SAVING BIOGEM TIME-SERIES AVERAGE CENTERED @ year :      704.500
 $N$      705.00       278.005   -6.501      14.980   3.916  18.292  34.986      2228.162   2363.354
 >>> SAVING BIOGEM TIME-SERIES AVERAGE CENTERED @ year :      709.500
 $N$      710.00       278.005   -6.501      14.994   3.915  18.293  34.985      2228.143   2363.354
 >>> SAVING BIOGEM TIME-SERIES AVERAGE CENTERED @ year :      714.500
 $N$      715.00       278.005   -6.501      15.007   3.915  18.295  34.985      2228.124   2363.354
 >>> SAVING BIOGEM TIME-SERIES AVERAGE CENTERED @ year :      719.500
 $N$      720.00       278.005   -6.501      15.020   3.914  18.296  34.985      2228.104   2363.355
 >>> SAVING BIOGEM TIME-SERIES AVERAGE CENTERED @ year :      724.500
 $N$      725.00       278.005   -6.501      15.032   3.914  18.298  34.984      2228.084   2363.355
 >>> SAVING BIOGEM TIME-SERIES AVERAGE CENTERED @ year :      729.500
 $N$      730.00       278.005   -6.501      15.045   3.913  18.299  34.984      2228.065   2363.355
 >>> SAVING BIOGEM TIME-SERIES AVERAGE CENTERED @ year :      734.500
 $N$      735.00       278.005   -6.501      15.057   3.912  18.300  34.984      2228.044   2363.356
 >>> SAVING BIOGEM TIME-SERIES AVERAGE CENTERED @ year :      739.500
 $N$      740.00       278.005   -6.501      15.069   3.911  18.302  34.983      2228.024   2363.356
 >>> SAVING BIOGEM TIME-SERIES AVERAGE CENTERED @ year :      744.500
 $N$      745.00       278.005   -6.501      15.081   3.911  18.303  34.983      2228.004   2363.356
 >>> SAVING BIOGEM TIME-SERIES AVERAGE CENTERED @ year :      749.500
 $N$      750.00       278.005   -6.501      15.092   3.910  18.304  34.983      2227.983   2363.356
 >>> SAVING BIOGEM TIME-SERIES AVERAGE CENTERED @ year :      754.500
 $N$      755.00       278.005   -6.501      15.104   3.909  18.306  34.982      2227.963   2363.357
 >>> SAVING BIOGEM TIME-SERIES AVERAGE CENTERED @ year :      759.500
 $N$      760.00       278.005   -6.501      15.114   3.907  18.307  34.982      2227.942   2363.357
 >>> SAVING BIOGEM TIME-SERIES AVERAGE CENTERED @ year :      764.500
 $N$      765.00       278.005   -6.501      15.124   3.904  18.308  34.982      2227.921   2363.357
 >>> SAVING BIOGEM TIME-SERIES AVERAGE CENTERED @ year :      769.500
 $N$      770.00       278.005   -6.501      15.111   3.872  18.303  34.981      2227.900   2363.358
 >>> SAVING BIOGEM TIME-SERIES AVERAGE CENTERED @ year :      774.500
 $N$      775.00       278.005   -6.501      15.119   3.872  18.305  34.981      2227.879   2363.358
 >>> SAVING BIOGEM TIME-SERIES AVERAGE CENTERED @ year :      779.500
 $N$      780.00       278.005   -6.501      15.139   3.871  18.307  34.981      2227.858   2363.359
 >>> SAVING BIOGEM TIME-SERIES AVERAGE CENTERED @ year :      784.500
 $N$      785.00       278.005   -6.501      15.154   3.871  18.309  34.981      2227.837   2363.359
 >>> SAVING BIOGEM TIME-SERIES AVERAGE CENTERED @ year :      789.500
 $N$      790.00       278.005   -6.501      15.165   3.871  18.311  34.980      2227.815   2363.359
 >>> SAVING BIOGEM TIME-SERIES AVERAGE CENTERED @ year :      794.500
 $N$      795.00       278.006   -6.501      15.176   3.870  18.312  34.980      2227.794   2363.359
 >>> SAVING BIOGEM TIME-SERIES AVERAGE CENTERED @ year :      799.500
 $N$      800.00       278.006   -6.501      15.186   3.870  18.314  34.980      2227.772   2363.359
 >>> SAVING BIOGEM TIME-SERIES AVERAGE CENTERED @ year :      804.500
 $N$      805.00       278.006   -6.501      15.196   3.870  18.315  34.980      2227.750   2363.360
 >>> SAVING BIOGEM TIME-SERIES AVERAGE CENTERED @ year :      809.500
 $N$      810.00       278.006   -6.501      15.206   3.870  18.316  34.979      2227.728   2363.360
 >>> SAVING BIOGEM TIME-SERIES AVERAGE CENTERED @ year :      814.500
 $N$      815.00       278.006   -6.501      15.217   3.870  18.318  34.979      2227.706   2363.360
 >>> SAVING BIOGEM TIME-SERIES AVERAGE CENTERED @ year :      819.500
 $N$      820.00       278.006   -6.501      15.227   3.869  18.319  34.979      2227.684   2363.360
 >>> SAVING BIOGEM TIME-SERIES AVERAGE CENTERED @ year :      824.500
 $N$      825.00       278.006   -6.501      15.238   3.869  18.321  34.979      2227.661   2363.361
 >>> SAVING BIOGEM TIME-SERIES AVERAGE CENTERED @ year :      829.500
 $N$      830.00       278.006   -6.501      15.248   3.869  18.322  34.978      2227.639   2363.361
 >>> SAVING BIOGEM TIME-SERIES AVERAGE CENTERED @ year :      834.500
 $N$      835.00       278.006   -6.501      15.259   3.869  18.323  34.978      2227.616   2363.361
 >>> SAVING BIOGEM TIME-SERIES AVERAGE CENTERED @ year :      839.500
 $N$      840.00       278.006   -6.501      15.269   3.868  18.325  34.978      2227.593   2363.361
 >>> SAVING BIOGEM TIME-SERIES AVERAGE CENTERED @ year :      844.500
 $N$      845.00       278.006   -6.501      15.279   3.868  18.326  34.978      2227.570   2363.362
 >>> SAVING BIOGEM TIME-SERIES AVERAGE CENTERED @ year :      849.500
 $N$      850.00       278.006   -6.501      15.290   3.868  18.327  34.977      2227.547   2363.362
 >>> SAVING BIOGEM TIME-SERIES AVERAGE CENTERED @ year :      854.500
 $N$      855.00       278.006   -6.501      15.300   3.868  18.329  34.977      2227.524   2363.362
 >>> SAVING BIOGEM TIME-SERIES AVERAGE CENTERED @ year :      859.500
 $N$      860.00       278.006   -6.501      15.310   3.868  18.330  34.977      2227.501   2363.362
 >>> SAVING BIOGEM TIME-SERIES AVERAGE CENTERED @ year :      864.500
 $N$      865.00       278.006   -6.501      15.319   3.867  18.331  34.977      2227.477   2363.362
 >>> SAVING BIOGEM TIME-SERIES AVERAGE CENTERED @ year :      869.500
 $N$      870.00       278.006   -6.501      15.329   3.867  18.332  34.977      2227.454   2363.363
 >>> SAVING BIOGEM TIME-SERIES AVERAGE CENTERED @ year :      874.500
 $N$      875.00       278.006   -6.501      15.339   3.867  18.334  34.976      2227.430   2363.363
 >>> SAVING BIOGEM TIME-SERIES AVERAGE CENTERED @ year :      879.500
 $N$      880.00       278.006   -6.501      15.348   3.867  18.335  34.976      2227.406   2363.363
 >>> SAVING BIOGEM TIME-SERIES AVERAGE CENTERED @ year :      884.500
 $N$      885.00       278.006   -6.501      15.357   3.867  18.336  34.976      2227.382   2363.363
 >>> SAVING BIOGEM TIME-SERIES AVERAGE CENTERED @ year :      889.500
 $N$      890.00       278.006   -6.501      15.367   3.866  18.337  34.976      2227.358   2363.364
 >>> SAVING BIOGEM TIME-SERIES AVERAGE CENTERED @ year :      894.500
 $N$      895.00       278.006   -6.501      15.376   3.866  18.339  34.976      2227.334   2363.364
 >>> SAVING BIOGEM TIME-SERIES AVERAGE CENTERED @ year :      899.500
 $N$      900.00       278.006   -6.501      15.385   3.866  18.340  34.975      2227.309   2363.364
 >>> SAVING BIOGEM TIME-SERIES AVERAGE CENTERED @ year :      904.500
 $N$      905.00       278.006   -6.501      15.394   3.866  18.341  34.975      2227.285   2363.364
 >>> SAVING BIOGEM TIME-SERIES AVERAGE CENTERED @ year :      909.500
 $N$      910.00       278.006   -6.501      15.402   3.866  18.342  34.975      2227.260   2363.365
 >>> SAVING BIOGEM TIME-SERIES AVERAGE CENTERED @ year :      914.500
 $N$      915.00       278.006   -6.501      15.411   3.866  18.343  34.975      2227.236   2363.365
 >>> SAVING BIOGEM TIME-SERIES AVERAGE CENTERED @ year :      919.500
 $N$      920.00       278.006   -6.501      15.419   3.865  18.345  34.975      2227.211   2363.365
 >>> SAVING BIOGEM TIME-SERIES AVERAGE CENTERED @ year :      924.500
 $N$      925.00       278.006   -6.501      15.428   3.865  18.346  34.975      2227.186   2363.366
 >>> SAVING BIOGEM TIME-SERIES AVERAGE CENTERED @ year :      929.500
 $N$      930.00       278.006   -6.501      15.436   3.865  18.347  34.974      2227.161   2363.366
 >>> SAVING BIOGEM TIME-SERIES AVERAGE CENTERED @ year :      934.500
 $N$      935.00       278.006   -6.501      15.444   3.865  18.348  34.974      2227.136   2363.366
 >>> SAVING BIOGEM TIME-SERIES AVERAGE CENTERED @ year :      939.500
 $N$      940.00       278.006   -6.501      15.453   3.865  18.349  34.974      2227.111   2363.366
 >>> SAVING BIOGEM TIME-SERIES AVERAGE CENTERED @ year :      944.500
 $N$      945.00       278.006   -6.501      15.461   3.865  18.350  34.974      2227.086   2363.367
 >>> SAVING BIOGEM TIME-SERIES AVERAGE CENTERED @ year :      949.500
 $N$      950.00       278.006   -6.501      15.469   3.864  18.352  34.974      2227.060   2363.367
 >>> SAVING BIOGEM TIME-SERIES AVERAGE CENTERED @ year :      954.500
 $N$      955.00       278.007   -6.501      15.477   3.864  18.353  34.974      2227.035   2363.367
 >>> SAVING BIOGEM TIME-SERIES AVERAGE CENTERED @ year :      959.500
 $N$      960.00       278.007   -6.501      15.484   3.864  18.354  34.973      2227.009   2363.368
 >>> SAVING BIOGEM TIME-SERIES AVERAGE CENTERED @ year :      964.500
 $N$      965.00       278.007   -6.501      15.492   3.864  18.355  34.973      2226.984   2363.368
 >>> SAVING BIOGEM TIME-SERIES AVERAGE CENTERED @ year :      969.500
 $N$      970.00       278.007   -6.501      15.500   3.864  18.356  34.973      2226.958   2363.368
 >>> SAVING BIOGEM TIME-SERIES AVERAGE CENTERED @ year :      974.500
 $N$      975.00       278.007   -6.501      15.507   3.864  18.357  34.973      2226.932   2363.368
 >>> SAVING BIOGEM TIME-SERIES AVERAGE CENTERED @ year :      979.500
 $N$      980.00       278.007   -6.501      15.515   3.863  18.358  34.973      2226.906   2363.369
 >>> SAVING BIOGEM TIME-SERIES AVERAGE CENTERED @ year :      984.500
 $N$      985.00       278.007   -6.501      15.522   3.863  18.359  34.973      2226.880   2363.369
 >>> SAVING BIOGEM TIME-SERIES AVERAGE CENTERED @ year :      989.500
 $N$      990.00       278.007   -6.501      15.529   3.863  18.360  34.973      2226.854   2363.369
 >>> SAVING BIOGEM TIME-SERIES AVERAGE CENTERED @ year :      994.500
 $N$      995.00       278.007   -6.501      15.537   3.863  18.361  34.972      2226.828   2363.369
 >>> SAVING BIOGEM TIME-SLICE AVERAGE CENTERED @ year  :      999.500
 >>> SAVING BIOGEM TIME-SERIES AVERAGE CENTERED @ year :      999.500
 $N$     1000.00       278.007   -6.501      15.544   3.863  18.363  34.972      2226.802   2363.370
 >>> SAVING BIOGEM TIME-SERIES AVERAGE CENTERED @ year :     1019.500
 $N$     1020.00       278.007   -6.501      15.572   3.862  18.367  34.972      2226.696   2363.371
 >>> SAVING BIOGEM TIME-SERIES AVERAGE CENTERED @ year :     1039.500
 $N$     1040.00       278.007   -6.501      15.598   3.862  18.371  34.971      2226.589   2363.372
 >>> SAVING BIOGEM TIME-SERIES AVERAGE CENTERED @ year :     1059.500
 $N$     1060.00       278.007   -6.501      15.624   3.861  18.375  34.971      2226.481   2363.373
 >>> SAVING BIOGEM TIME-SERIES AVERAGE CENTERED @ year :     1079.500
 $N$     1080.00       278.007   -6.501      15.649   3.861  18.379  34.970      2226.372   2363.374
 >>> SAVING BIOGEM TIME-SERIES AVERAGE CENTERED @ year :     1099.500
 $N$     1100.00       278.007   -6.501      15.673   3.861  18.383  34.970      2226.262   2363.374
 >>> SAVING BIOGEM TIME-SERIES AVERAGE CENTERED @ year :     1119.500
 $N$     1120.00       278.007   -6.501      15.696   3.860  18.386  34.970      2226.152   2363.375
 >>> SAVING BIOGEM TIME-SERIES AVERAGE CENTERED @ year :     1139.500
 $N$     1140.00       278.007   -6.501      15.718   3.860  18.390  34.969      2226.040   2363.376
 >>> SAVING BIOGEM TIME-SERIES AVERAGE CENTERED @ year :     1159.500
 $N$     1160.00       278.007   -6.501      15.740   3.859  18.393  34.969      2225.928   2363.377
 >>> SAVING BIOGEM TIME-SERIES AVERAGE CENTERED @ year :     1179.500
 $N$     1180.00       278.007   -6.501      15.761   3.859  18.397  34.969      2225.816   2363.378
 >>> SAVING BIOGEM TIME-SERIES AVERAGE CENTERED @ year :     1199.500
 $N$     1200.00       278.007   -6.501      15.781   3.859  18.400  34.969      2225.702   2363.378
 >>> SAVING BIOGEM TIME-SERIES AVERAGE CENTERED @ year :     1219.500
 $N$     1220.00       278.007   -6.501      15.800   3.858  18.403  34.968      2225.589   2363.379
 >>> SAVING BIOGEM TIME-SERIES AVERAGE CENTERED @ year :     1239.500
 $N$     1240.00       278.007   -6.501      15.818   3.858  18.407  34.968      2225.475   2363.379
 >>> SAVING BIOGEM TIME-SERIES AVERAGE CENTERED @ year :     1259.500
 $N$     1260.00       278.007   -6.501      15.836   3.858  18.410  34.968      2225.361   2363.380
 >>> SAVING BIOGEM TIME-SERIES AVERAGE CENTERED @ year :     1279.500
 $N$     1280.00       278.007   -6.501      15.854   3.857  18.413  34.968      2225.246   2363.380
 >>> SAVING BIOGEM TIME-SERIES AVERAGE CENTERED @ year :     1299.500
 $N$     1300.00       278.007   -6.501      15.871   3.857  18.416  34.968      2225.132   2363.381
 >>> SAVING BIOGEM TIME-SERIES AVERAGE CENTERED @ year :     1319.500
 $N$     1320.00       278.007   -6.501      15.887   3.857  18.418  34.967      2225.017   2363.381
 >>> SAVING BIOGEM TIME-SERIES AVERAGE CENTERED @ year :     1339.500
 $N$     1340.00       278.007   -6.501      15.903   3.856  18.421  34.967      2224.902   2363.382
 >>> SAVING BIOGEM TIME-SERIES AVERAGE CENTERED @ year :     1359.500
 $N$     1360.00       278.007   -6.501      15.918   3.856  18.424  34.967      2224.787   2363.382
 >>> SAVING BIOGEM TIME-SERIES AVERAGE CENTERED @ year :     1379.500
 $N$     1380.00       278.007   -6.501      15.933   3.856  18.426  34.967      2224.671   2363.382
 >>> SAVING BIOGEM TIME-SERIES AVERAGE CENTERED @ year :     1399.500
 $N$     1400.00       278.007   -6.501      15.947   3.855  18.429  34.967      2224.556   2363.383
 >>> SAVING BIOGEM TIME-SERIES AVERAGE CENTERED @ year :     1419.500
 $N$     1420.00       278.007   -6.501      15.958   3.854  18.431  34.967      2224.441   2363.383
 >>> SAVING BIOGEM TIME-SERIES AVERAGE CENTERED @ year :     1439.500
 $N$     1440.00       278.007   -6.501      15.971   3.854  18.434  34.967      2224.326   2363.383
 >>> SAVING BIOGEM TIME-SERIES AVERAGE CENTERED @ year :     1459.500
 $N$     1460.00       278.007   -6.501      15.984   3.854  18.436  34.967      2224.211   2363.384
 >>> SAVING BIOGEM TIME-SERIES AVERAGE CENTERED @ year :     1479.500
 $N$     1480.00       278.007   -6.501      15.997   3.854  18.438  34.967      2224.096   2363.384
 >>> SAVING BIOGEM TIME-SERIES AVERAGE CENTERED @ year :     1499.500
 $N$     1500.00       278.007   -6.501      16.009   3.853  18.441  34.967      2223.981   2363.384
 >>> SAVING BIOGEM TIME-SERIES AVERAGE CENTERED @ year :     1519.500
 $N$     1520.00       278.007   -6.501      16.020   3.853  18.443  34.967      2223.866   2363.384
 >>> SAVING BIOGEM TIME-SERIES AVERAGE CENTERED @ year :     1539.500
 $N$     1540.00       278.007   -6.501      16.032   3.853  18.445  34.967      2223.751   2363.384
 >>> SAVING BIOGEM TIME-SERIES AVERAGE CENTERED @ year :     1559.500
 $N$     1560.00       278.007   -6.501      16.043   3.853  18.447  34.967      2223.637   2363.385
 >>> SAVING BIOGEM TIME-SERIES AVERAGE CENTERED @ year :     1579.500
 $N$     1580.00       278.007   -6.501      16.053   3.853  18.449  34.967      2223.523   2363.385
 >>> SAVING BIOGEM TIME-SERIES AVERAGE CENTERED @ year :     1599.500
 $N$     1600.00       278.007   -6.501      16.064   3.852  18.451  34.967      2223.409   2363.385
 >>> SAVING BIOGEM TIME-SERIES AVERAGE CENTERED @ year :     1619.500
 $N$     1620.00       278.007   -6.501      16.073   3.852  18.453  34.967      2223.295   2363.385
 >>> SAVING BIOGEM TIME-SERIES AVERAGE CENTERED @ year :     1639.500
 $N$     1640.00       278.007   -6.501      16.083   3.852  18.455  34.967      2223.181   2363.385
 >>> SAVING BIOGEM TIME-SERIES AVERAGE CENTERED @ year :     1659.500
 $N$     1660.00       278.007   -6.501      16.092   3.852  18.457  34.967      2223.068   2363.385
 >>> SAVING BIOGEM TIME-SERIES AVERAGE CENTERED @ year :     1679.500
 $N$     1680.00       278.007   -6.501      16.101   3.852  18.458  34.967      2222.954   2363.385
 >>> SAVING BIOGEM TIME-SERIES AVERAGE CENTERED @ year :     1699.500
 $N$     1700.00       278.007   -6.501      16.110   3.852  18.460  34.967      2222.841   2363.385
 >>> SAVING BIOGEM TIME-SERIES AVERAGE CENTERED @ year :     1719.500
 $N$     1720.00       278.007   -6.501      16.119   3.851  18.462  34.967      2222.729   2363.385
 >>> SAVING BIOGEM TIME-SERIES AVERAGE CENTERED @ year :     1739.500
 $N$     1740.00       278.007   -6.501      16.127   3.851  18.463  34.967      2222.617   2363.385
 >>> SAVING BIOGEM TIME-SERIES AVERAGE CENTERED @ year :     1759.500
 $N$     1760.00       278.007   -6.501      16.135   3.851  18.465  34.967      2222.505   2363.385
 >>> SAVING BIOGEM TIME-SERIES AVERAGE CENTERED @ year :     1779.500
 $N$     1780.00       278.007   -6.501      16.142   3.851  18.467  34.967      2222.393   2363.385
 >>> SAVING BIOGEM TIME-SERIES AVERAGE CENTERED @ year :     1799.500
 $N$     1800.00       278.007   -6.501      16.150   3.851  18.468  34.967      2222.282   2363.385
 >>> SAVING BIOGEM TIME-SERIES AVERAGE CENTERED @ year :     1819.500
 $N$     1820.00       278.007   -6.501      16.157   3.851  18.470  34.967      2222.171   2363.385
 >>> SAVING BIOGEM TIME-SERIES AVERAGE CENTERED @ year :     1839.500
 $N$     1840.00       278.007   -6.501      16.164   3.851  18.471  34.967      2222.060   2363.385
 >>> SAVING BIOGEM TIME-SERIES AVERAGE CENTERED @ year :     1859.500
 $N$     1860.00       278.007   -6.501      16.171   3.851  18.472  34.967      2221.950   2363.385
 >>> SAVING BIOGEM TIME-SERIES AVERAGE CENTERED @ year :     1879.500
 $N$     1880.00       278.007   -6.501      16.178   3.850  18.474  34.967      2221.840   2363.385
 >>> SAVING BIOGEM TIME-SERIES AVERAGE CENTERED @ year :     1899.500
 $N$     1900.00       278.007   -6.501      16.184   3.850  18.475  34.967      2221.731   2363.384
 >>> SAVING BIOGEM TIME-SERIES AVERAGE CENTERED @ year :     1919.500
 $N$     1920.00       278.007   -6.501      16.191   3.850  18.476  34.967      2221.622   2363.384
 >>> SAVING BIOGEM TIME-SERIES AVERAGE CENTERED @ year :     1939.500
 $N$     1940.00       278.007   -6.501      16.197   3.850  18.478  34.967      2221.513   2363.384
 >>> SAVING BIOGEM TIME-SERIES AVERAGE CENTERED @ year :     1959.500
 $N$     1960.00       278.007   -6.501      16.203   3.850  18.479  34.967      2221.405   2363.384
 >>> SAVING BIOGEM TIME-SERIES AVERAGE CENTERED @ year :     1979.500
 $N$     1980.00       278.007   -6.501      16.209   3.850  18.480  34.967      2221.297   2363.384
 >>> SAVING BIOGEM TIME-SLICE AVERAGE CENTERED @ year  :     1999.500
 >>> SAVING BIOGEM TIME-SERIES AVERAGE CENTERED @ year :     1999.500
 $N$     2000.00       278.007   -6.501      16.214   3.850  18.481  34.967      2221.190   2363.383
 >>> SAVING BIOGEM TIME-SERIES AVERAGE CENTERED @ year :     2049.500
 $N$     2050.00       278.007   -6.501      16.228   3.850  18.484  34.967      2220.924   2363.383
 >>> SAVING BIOGEM TIME-SERIES AVERAGE CENTERED @ year :     2099.500
 $N$     2100.00       278.007   -6.501      16.240   3.849  18.487  34.967      2220.660   2363.382
 >>> SAVING BIOGEM TIME-SERIES AVERAGE CENTERED @ year :     2149.500
 $N$     2150.00       278.007   -6.501      16.252   3.849  18.490  34.967      2220.400   2363.382
 >>> SAVING BIOGEM TIME-SERIES AVERAGE CENTERED @ year :     2199.500
 $N$     2200.00       278.007   -6.501      16.263   3.849  18.492  34.967      2220.143   2363.383
 >>> SAVING BIOGEM TIME-SERIES AVERAGE CENTERED @ year :     2249.500
 $N$     2250.00       278.006   -6.501      16.273   3.849  18.494  34.967      2219.889   2363.383
 >>> SAVING BIOGEM TIME-SERIES AVERAGE CENTERED @ year :     2299.500
 $N$     2300.00       278.006   -6.501      16.283   3.849  18.497  34.967      2219.638   2363.383
 >>> SAVING BIOGEM TIME-SERIES AVERAGE CENTERED @ year :     2349.500
 $N$     2350.00       278.006   -6.501      16.293   3.849  18.499  34.968      2219.390   2363.383
 >>> SAVING BIOGEM TIME-SERIES AVERAGE CENTERED @ year :     2399.500
 $N$     2400.00       278.006   -6.501      16.301   3.848  18.501  34.968      2219.146   2363.383
 >>> SAVING BIOGEM TIME-SERIES AVERAGE CENTERED @ year :     2449.500
 $N$     2450.00       278.006   -6.501      16.310   3.848  18.502  34.968      2218.905   2363.383
 >>> SAVING BIOGEM TIME-SERIES AVERAGE CENTERED @ year :     2499.500
 $N$     2500.00       278.006   -6.501      16.317   3.848  18.504  34.968      2218.668   2363.383
 >>> SAVING BIOGEM TIME-SERIES AVERAGE CENTERED @ year :     2549.500
 $N$     2550.00       278.006   -6.501      16.325   3.848  18.506  34.968      2218.435   2363.382
 >>> SAVING BIOGEM TIME-SERIES AVERAGE CENTERED @ year :     2599.500
 $N$     2600.00       278.006   -6.501      16.332   3.848  18.508  34.968      2218.205   2363.382
 >>> SAVING BIOGEM TIME-SERIES AVERAGE CENTERED @ year :     2649.500
 $N$     2650.00       278.006   -6.500      16.339   3.848  18.509  34.968      2217.979   2363.381
 >>> SAVING BIOGEM TIME-SERIES AVERAGE CENTERED @ year :     2699.500
 $N$     2700.00       278.006   -6.500      16.345   3.848  18.511  34.968      2217.757   2363.381
 >>> SAVING BIOGEM TIME-SERIES AVERAGE CENTERED @ year :     2749.500
 $N$     2750.00       278.006   -6.500      16.351   3.848  18.512  34.968      2217.539   2363.380
 >>> SAVING BIOGEM TIME-SERIES AVERAGE CENTERED @ year :     2799.500
 $N$     2800.00       278.005   -6.500      16.357   3.847  18.514  34.968      2217.324   2363.379
 >>> SAVING BIOGEM TIME-SERIES AVERAGE CENTERED @ year :     2849.500
 $N$     2850.00       278.005   -6.500      16.363   3.847  18.515  34.968      2217.114   2363.378
 >>> SAVING BIOGEM TIME-SERIES AVERAGE CENTERED @ year :     2899.500
 $N$     2900.00       278.005   -6.500      16.368   3.847  18.516  34.968      2216.909   2363.377
 >>> SAVING BIOGEM TIME-SERIES AVERAGE CENTERED @ year :     2949.500
 $N$     2950.00       278.005   -6.500      16.373   3.847  18.517  34.968      2216.707   2363.376
 >>> SAVING BIOGEM TIME-SERIES AVERAGE CENTERED @ year :     2999.500
 $N$     3000.00       278.005   -6.500      16.378   3.847  18.519  34.968      2216.510   2363.375
 >>> SAVING BIOGEM TIME-SERIES AVERAGE CENTERED @ year :     3049.500
 $N$     3050.00       278.005   -6.500      16.382   3.847  18.520  34.968      2216.318   2363.374
 >>> SAVING BIOGEM TIME-SERIES AVERAGE CENTERED @ year :     3099.500
 $N$     3100.00       278.005   -6.500      16.387   3.847  18.521  34.968      2216.129   2363.373
 >>> SAVING BIOGEM TIME-SERIES AVERAGE CENTERED @ year :     3149.500
 $N$     3150.00       278.005   -6.500      16.391   3.847  18.522  34.969      2215.946   2363.372
 >>> SAVING BIOGEM TIME-SERIES AVERAGE CENTERED @ year :     3199.500
 $N$     3200.00       278.005   -6.500      16.395   3.847  18.523  34.969      2215.767   2363.371
 >>> SAVING BIOGEM TIME-SERIES AVERAGE CENTERED @ year :     3249.500
 $N$     3250.00       278.004   -6.500      16.399   3.847  18.524  34.969      2215.593   2363.370
 >>> SAVING BIOGEM TIME-SERIES AVERAGE CENTERED @ year :     3299.500
 $N$     3300.00       278.004   -6.500      16.402   3.847  18.524  34.969      2215.424   2363.368
 >>> SAVING BIOGEM TIME-SERIES AVERAGE CENTERED @ year :     3349.500
 $N$     3350.00       278.004   -6.500      16.406   3.847  18.525  34.969      2215.259   2363.367
 >>> SAVING BIOGEM TIME-SERIES AVERAGE CENTERED @ year :     3399.500
 $N$     3400.00       278.004   -6.500      16.409   3.847  18.526  34.969      2215.100   2363.366
 >>> SAVING BIOGEM TIME-SERIES AVERAGE CENTERED @ year :     3449.500
 $N$     3450.00       278.004   -6.500      16.412   3.846  18.527  34.969      2214.945   2363.365
 >>> SAVING BIOGEM TIME-SERIES AVERAGE CENTERED @ year :     3499.500
 $N$     3500.00       278.004   -6.500      16.415   3.846  18.528  34.969      2214.795   2363.363
 >>> SAVING BIOGEM TIME-SERIES AVERAGE CENTERED @ year :     3549.500
 $N$     3550.00       278.004   -6.500      16.418   3.846  18.528  34.969      2214.650   2363.362
 >>> SAVING BIOGEM TIME-SERIES AVERAGE CENTERED @ year :     3599.500
 $N$     3600.00       278.004   -6.500      16.421   3.846  18.529  34.969      2214.510   2363.361
 >>> SAVING BIOGEM TIME-SERIES AVERAGE CENTERED @ year :     3649.500
 $N$     3650.00       278.003   -6.500      16.424   3.846  18.530  34.969      2214.375   2363.360
 >>> SAVING BIOGEM TIME-SERIES AVERAGE CENTERED @ year :     3699.500
 $N$     3700.00       278.003   -6.500      16.426   3.846  18.530  34.969      2214.245   2363.359
 >>> SAVING BIOGEM TIME-SERIES AVERAGE CENTERED @ year :     3749.500
 $N$     3750.00       278.003   -6.500      16.429   3.846  18.531  34.969      2214.119   2363.358
 >>> SAVING BIOGEM TIME-SERIES AVERAGE CENTERED @ year :     3799.500
 $N$     3800.00       278.003   -6.500      16.431   3.846  18.531  34.969      2213.999   2363.357
 >>> SAVING BIOGEM TIME-SERIES AVERAGE CENTERED @ year :     3849.500
 $N$     3850.00       278.003   -6.500      16.433   3.846  18.532  34.969      2213.883   2363.356
 >>> SAVING BIOGEM TIME-SERIES AVERAGE CENTERED @ year :     3899.500
 $N$     3900.00       278.003   -6.500      16.435   3.846  18.532  34.969      2213.771   2363.355
 >>> SAVING BIOGEM TIME-SERIES AVERAGE CENTERED @ year :     3949.500
 $N$     3950.00       278.003   -6.500      16.437   3.846  18.533  34.969      2213.664   2363.354
 >>> SAVING BIOGEM TIME-SERIES AVERAGE CENTERED @ year :     3999.500
 $N$     4000.00       278.003   -6.500      16.439   3.846  18.533  34.969      2213.562   2363.353
 >>> SAVING BIOGEM TIME-SERIES AVERAGE CENTERED @ year :     4049.500
 $N$     4050.00       278.002   -6.500      16.440   3.846  18.534  34.969      2213.463   2363.352
 >>> SAVING BIOGEM TIME-SERIES AVERAGE CENTERED @ year :     4099.500
 $N$     4100.00       278.002   -6.500      16.442   3.846  18.534  34.969      2213.369   2363.351
 >>> SAVING BIOGEM TIME-SERIES AVERAGE CENTERED @ year :     4149.500
 $N$     4150.00       278.002   -6.500      16.444   3.846  18.534  34.969      2213.279   2363.351
 >>> SAVING BIOGEM TIME-SERIES AVERAGE CENTERED @ year :     4199.500
 $N$     4200.00       278.002   -6.500      16.445   3.846  18.535  34.969      2213.194   2363.350
 >>> SAVING BIOGEM TIME-SERIES AVERAGE CENTERED @ year :     4249.500
 $N$     4250.00       278.002   -6.500      16.447   3.846  18.535  34.969      2213.111   2363.349
 >>> SAVING BIOGEM TIME-SERIES AVERAGE CENTERED @ year :     4299.500
 $N$     4300.00       278.002   -6.500      16.448   3.846  18.535  34.969      2213.033   2363.349
 >>> SAVING BIOGEM TIME-SERIES AVERAGE CENTERED @ year :     4349.500
 $N$     4350.00       278.002   -6.500      16.449   3.846  18.536  34.969      2212.958   2363.348
 >>> SAVING BIOGEM TIME-SERIES AVERAGE CENTERED @ year :     4399.500
 $N$     4400.00       278.002   -6.500      16.450   3.846  18.536  34.969      2212.887   2363.348
 >>> SAVING BIOGEM TIME-SERIES AVERAGE CENTERED @ year :     4449.500
 $N$     4450.00       278.002   -6.500      16.451   3.846  18.536  34.970      2212.819   2363.348
 >>> SAVING BIOGEM TIME-SERIES AVERAGE CENTERED @ year :     4499.500
 $N$     4500.00       278.002   -6.500      16.452   3.846  18.536  34.970      2212.754   2363.348
 >>> SAVING BIOGEM TIME-SERIES AVERAGE CENTERED @ year :     4549.500
 $N$     4550.00       278.002   -6.500      16.453   3.846  18.537  34.970      2212.693   2363.348
 >>> SAVING BIOGEM TIME-SERIES AVERAGE CENTERED @ year :     4599.500
 $N$     4600.00       278.001   -6.500      16.454   3.846  18.537  34.970      2212.634   2363.348
 >>> SAVING BIOGEM TIME-SERIES AVERAGE CENTERED @ year :     4649.500
 $N$     4650.00       278.001   -6.500      16.455   3.846  18.537  34.970      2212.578   2363.349
 >>> SAVING BIOGEM TIME-SERIES AVERAGE CENTERED @ year :     4699.500
 $N$     4700.00       278.001   -6.500      16.456   3.846  18.537  34.970      2212.525   2363.349
 >>> SAVING BIOGEM TIME-SERIES AVERAGE CENTERED @ year :     4749.500
 $N$     4750.00       278.001   -6.500      16.457   3.846  18.538  34.970      2212.475   2363.349
 >>> SAVING BIOGEM TIME-SERIES AVERAGE CENTERED @ year :     4799.500
 $N$     4800.00       278.001   -6.500      16.458   3.846  18.538  34.970      2212.427   2363.349
 >>> SAVING BIOGEM TIME-SERIES AVERAGE CENTERED @ year :     4849.500
 $N$     4850.00       278.001   -6.500      16.458   3.846  18.538  34.970      2212.381   2363.350
 >>> SAVING BIOGEM TIME-SERIES AVERAGE CENTERED @ year :     4899.500
 $N$     4900.00       278.001   -6.500      16.459   3.846  18.538  34.970      2212.338   2363.350
 >>> SAVING BIOGEM TIME-SERIES AVERAGE CENTERED @ year :     4949.500
 $N$     4950.00       278.001   -6.500      16.460   3.846  18.538  34.970      2212.297   2363.350
 >>> SAVING BIOGEM TIME-SLICE AVERAGE CENTERED @ year  :     4999.500
 >>> SAVING BIOGEM TIME-SERIES AVERAGE CENTERED @ year :     4999.500
 $N$     5000.00       278.001   -6.500      16.460   3.846  18.538  34.970      2212.258   2363.350
 >>> SAVING BIOGEM TIME-SERIES AVERAGE CENTERED @ year :     5049.500
 $N$     5050.00       278.001   -6.500      16.461   3.846  18.538  34.970      2212.221   2363.350
 >>> SAVING BIOGEM TIME-SERIES AVERAGE CENTERED @ year :     5099.500
 $N$     5100.00       278.001   -6.500      16.461   3.846  18.539  34.970      2212.186   2363.350
 >>> SAVING BIOGEM TIME-SERIES AVERAGE CENTERED @ year :     5149.500
 $N$     5150.00       278.001   -6.500      16.462   3.846  18.539  34.970      2212.152   2363.350
 >>> SAVING BIOGEM TIME-SERIES AVERAGE CENTERED @ year :     5199.500
 $N$     5200.00       278.001   -6.500      16.462   3.846  18.539  34.970      2212.121   2363.351
 >>> SAVING BIOGEM TIME-SERIES AVERAGE CENTERED @ year :     5249.500
 $N$     5250.00       278.001   -6.500      16.463   3.846  18.539  34.970      2212.091   2363.351
 >>> SAVING BIOGEM TIME-SERIES AVERAGE CENTERED @ year :     5299.500
 $N$     5300.00       278.001   -6.500      16.463   3.846  18.539  34.970      2212.062   2363.351
 >>> SAVING BIOGEM TIME-SERIES AVERAGE CENTERED @ year :     5349.500
 $N$     5350.00       278.001   -6.500      16.464   3.846  18.539  34.970      2212.035   2363.351
 >>> SAVING BIOGEM TIME-SERIES AVERAGE CENTERED @ year :     5399.500
 $N$     5400.00       278.001   -6.500      16.464   3.846  18.539  34.970      2212.010   2363.351
 >>> SAVING BIOGEM TIME-SERIES AVERAGE CENTERED @ year :     5449.500
 $N$     5450.00       278.001   -6.500      16.464   3.846  18.539  34.970      2211.985   2363.351
 >>> SAVING BIOGEM TIME-SERIES AVERAGE CENTERED @ year :     5499.500
 $N$     5500.00       278.001   -6.500      16.465   3.846  18.539  34.970      2211.962   2363.351
 >>> SAVING BIOGEM TIME-SERIES AVERAGE CENTERED @ year :     5549.500
 $N$     5550.00       278.001   -6.500      16.465   3.846  18.540  34.970      2211.941   2363.351
 >>> SAVING BIOGEM TIME-SERIES AVERAGE CENTERED @ year :     5599.500
 $N$     5600.00       278.001   -6.500      16.465   3.846  18.540  34.970      2211.920   2363.351
 >>> SAVING BIOGEM TIME-SERIES AVERAGE CENTERED @ year :     5649.500
 $N$     5650.00       278.000   -6.500      16.465   3.846  18.540  34.970      2211.900   2363.351
 >>> SAVING BIOGEM TIME-SERIES AVERAGE CENTERED @ year :     5699.500
 $N$     5700.00       278.000   -6.500      16.466   3.846  18.540  34.970      2211.882   2363.351
 >>> SAVING BIOGEM TIME-SERIES AVERAGE CENTERED @ year :     5749.500
 $N$     5750.00       278.000   -6.500      16.466   3.846  18.540  34.970      2211.864   2363.351
 >>> SAVING BIOGEM TIME-SERIES AVERAGE CENTERED @ year :     5799.500
 $N$     5800.00       278.000   -6.500      16.466   3.846  18.540  34.970      2211.847   2363.351
 >>> SAVING BIOGEM TIME-SERIES AVERAGE CENTERED @ year :     5849.500
 $N$     5850.00       278.000   -6.500      16.466   3.846  18.540  34.970      2211.832   2363.351
 >>> SAVING BIOGEM TIME-SERIES AVERAGE CENTERED @ year :     5899.500
 $N$     5900.00       278.000   -6.500      16.467   3.846  18.540  34.970      2211.816   2363.351
 >>> SAVING BIOGEM TIME-SERIES AVERAGE CENTERED @ year :     5949.500
 $N$     5950.00       278.000   -6.500      16.467   3.846  18.540  34.970      2211.802   2363.351
 >>> SAVING BIOGEM TIME-SERIES AVERAGE CENTERED @ year :     5999.500
 $N$     6000.00       278.000   -6.500      16.467   3.846  18.540  34.970      2211.789   2363.351
 >>> SAVING BIOGEM TIME-SERIES AVERAGE CENTERED @ year :     6049.500
 $N$     6050.00       278.000   -6.500      16.467   3.846  18.540  34.970      2211.776   2363.351
 >>> SAVING BIOGEM TIME-SERIES AVERAGE CENTERED @ year :     6099.500
 $N$     6100.00       278.000   -6.500      16.467   3.846  18.540  34.970      2211.764   2363.351
 >>> SAVING BIOGEM TIME-SERIES AVERAGE CENTERED @ year :     6149.500
 $N$     6150.00       278.000   -6.500      16.468   3.846  18.540  34.970      2211.752   2363.350
 >>> SAVING BIOGEM TIME-SERIES AVERAGE CENTERED @ year :     6199.500
 $N$     6200.00       278.000   -6.500      16.468   3.846  18.540  34.970      2211.741   2363.350
 >>> SAVING BIOGEM TIME-SERIES AVERAGE CENTERED @ year :     6249.500
 $N$     6250.00       278.000   -6.500      16.468   3.846  18.540  34.970      2211.731   2363.350
 >>> SAVING BIOGEM TIME-SERIES AVERAGE CENTERED @ year :     6299.500
 $N$     6300.00       278.000   -6.500      16.468   3.846  18.540  34.970      2211.721   2363.350
 >>> SAVING BIOGEM TIME-SERIES AVERAGE CENTERED @ year :     6349.500
 $N$     6350.00       278.000   -6.500      16.468   3.846  18.540  34.970      2211.712   2363.350
 >>> SAVING BIOGEM TIME-SERIES AVERAGE CENTERED @ year :     6399.500
 $N$     6400.00       278.000   -6.500      16.468   3.846  18.540  34.970      2211.703   2363.349
 >>> SAVING BIOGEM TIME-SERIES AVERAGE CENTERED @ year :     6449.500
 $N$     6450.00       278.000   -6.500      16.468   3.846  18.540  34.970      2211.694   2363.349
 >>> SAVING BIOGEM TIME-SERIES AVERAGE CENTERED @ year :     6499.500
 $N$     6500.00       278.000   -6.500      16.468   3.846  18.540  34.970      2211.686   2363.349
 >>> SAVING BIOGEM TIME-SERIES AVERAGE CENTERED @ year :     6549.500
 $N$     6550.00       278.000   -6.500      16.469   3.846  18.540  34.970      2211.679   2363.349
 >>> SAVING BIOGEM TIME-SERIES AVERAGE CENTERED @ year :     6599.500
 $N$     6600.00       278.000   -6.500      16.469   3.846  18.540  34.970      2211.672   2363.348
 >>> SAVING BIOGEM TIME-SERIES AVERAGE CENTERED @ year :     6649.500
 $N$     6650.00       278.000   -6.500      16.469   3.846  18.540  34.970      2211.665   2363.348
 >>> SAVING BIOGEM TIME-SERIES AVERAGE CENTERED @ year :     6699.500
 $N$     6700.00       278.000   -6.500      16.469   3.846  18.540  34.970      2211.658   2363.348
 >>> SAVING BIOGEM TIME-SERIES AVERAGE CENTERED @ year :     6749.500
 $N$     6750.00       278.000   -6.500      16.469   3.846  18.541  34.970      2211.652   2363.347
 >>> SAVING BIOGEM TIME-SERIES AVERAGE CENTERED @ year :     6799.500
 $N$     6800.00       278.000   -6.500      16.469   3.846  18.541  34.970      2211.646   2363.347
 >>> SAVING BIOGEM TIME-SERIES AVERAGE CENTERED @ year :     6849.500
 $N$     6850.00       278.000   -6.500      16.469   3.846  18.541  34.970      2211.641   2363.347
 >>> SAVING BIOGEM TIME-SERIES AVERAGE CENTERED @ year :     6899.500
 $N$     6900.00       278.000   -6.500      16.469   3.846  18.541  34.970      2211.635   2363.346
 >>> SAVING BIOGEM TIME-SERIES AVERAGE CENTERED @ year :     6949.500
 $N$     6950.00       278.000   -6.500      16.469   3.846  18.541  34.970      2211.630   2363.346
 >>> SAVING BIOGEM TIME-SERIES AVERAGE CENTERED @ year :     6999.500
 $N$     7000.00       278.000   -6.500      16.469   3.846  18.541  34.970      2211.626   2363.346
 >>> SAVING BIOGEM TIME-SERIES AVERAGE CENTERED @ year :     7049.500
 $N$     7050.00       278.000   -6.500      16.469   3.846  18.541  34.970      2211.621   2363.345
 >>> SAVING BIOGEM TIME-SERIES AVERAGE CENTERED @ year :     7099.500
 $N$     7100.00       278.000   -6.500      16.469   3.846  18.541  34.970      2211.617   2363.345
 >>> SAVING BIOGEM TIME-SERIES AVERAGE CENTERED @ year :     7149.500
 $N$     7150.00       278.000   -6.500      16.469   3.846  18.541  34.970      2211.613   2363.344
 >>> SAVING BIOGEM TIME-SERIES AVERAGE CENTERED @ year :     7199.500
 $N$     7200.00       278.000   -6.500      16.469   3.846  18.541  34.970      2211.609   2363.344
 >>> SAVING BIOGEM TIME-SERIES AVERAGE CENTERED @ year :     7249.500
 $N$     7250.00       278.000   -6.500      16.469   3.846  18.541  34.970      2211.605   2363.343
 >>> SAVING BIOGEM TIME-SERIES AVERAGE CENTERED @ year :     7299.500
 $N$     7300.00       278.000   -6.500      16.469   3.846  18.541  34.970      2211.602   2363.343
 >>> SAVING BIOGEM TIME-SERIES AVERAGE CENTERED @ year :     7349.500
 $N$     7350.00       278.000   -6.500      16.470   3.846  18.541  34.970      2211.598   2363.342
 >>> SAVING BIOGEM TIME-SERIES AVERAGE CENTERED @ year :     7399.500
 $N$     7400.00       278.000   -6.500      16.470   3.846  18.541  34.970      2211.595   2363.342
 >>> SAVING BIOGEM TIME-SERIES AVERAGE CENTERED @ year :     7449.500
 $N$     7450.00       278.000   -6.500      16.470   3.846  18.541  34.970      2211.592   2363.341
 >>> SAVING BIOGEM TIME-SERIES AVERAGE CENTERED @ year :     7499.500
 $N$     7500.00       278.000   -6.500      16.470   3.846  18.541  34.970      2211.589   2363.340
 >>> SAVING BIOGEM TIME-SERIES AVERAGE CENTERED @ year :     7549.500
 $N$     7550.00       278.000   -6.500      16.470   3.846  18.541  34.970      2211.586   2363.340
 >>> SAVING BIOGEM TIME-SERIES AVERAGE CENTERED @ year :     7599.500
 $N$     7600.00       278.000   -6.500      16.470   3.846  18.541  34.970      2211.584   2363.339
 >>> SAVING BIOGEM TIME-SERIES AVERAGE CENTERED @ year :     7649.500
 $N$     7650.00       278.000   -6.500      16.470   3.846  18.541  34.970      2211.581   2363.338
 >>> SAVING BIOGEM TIME-SERIES AVERAGE CENTERED @ year :     7699.500
 $N$     7700.00       278.000   -6.500      16.470   3.846  18.541  34.970      2211.579   2363.338
 >>> SAVING BIOGEM TIME-SERIES AVERAGE CENTERED @ year :     7749.500
 $N$     7750.00       278.000   -6.500      16.470   3.846  18.541  34.970      2211.577   2363.337
 >>> SAVING BIOGEM TIME-SERIES AVERAGE CENTERED @ year :     7799.500
 $N$     7800.00       278.000   -6.500      16.470   3.846  18.541  34.970      2211.574   2363.336
 >>> SAVING BIOGEM TIME-SERIES AVERAGE CENTERED @ year :     7849.500
 $N$     7850.00       278.000   -6.500      16.470   3.846  18.541  34.970      2211.572   2363.336
 >>> SAVING BIOGEM TIME-SERIES AVERAGE CENTERED @ year :     7899.500
 $N$     7900.00       278.000   -6.500      16.470   3.846  18.541  34.970      2211.570   2363.335
 >>> SAVING BIOGEM TIME-SERIES AVERAGE CENTERED @ year :     7949.500
 $N$     7950.00       278.000   -6.500      16.470   3.846  18.541  34.970      2211.569   2363.334
 >>> SAVING BIOGEM TIME-SERIES AVERAGE CENTERED @ year :     7999.500
 $N$     8000.00       278.000   -6.500      16.470   3.846  18.541  34.970      2211.567   2363.333
 >>> SAVING BIOGEM TIME-SERIES AVERAGE CENTERED @ year :     8049.500
 $N$     8050.00       278.000   -6.500      16.470   3.846  18.541  34.970      2211.565   2363.333
 >>> SAVING BIOGEM TIME-SERIES AVERAGE CENTERED @ year :     8099.500
 $N$     8100.00       278.000   -6.500      16.470   3.846  18.541  34.970      2211.563   2363.332
 >>> SAVING BIOGEM TIME-SERIES AVERAGE CENTERED @ year :     8149.500
 $N$     8150.00       278.000   -6.500      16.470   3.846  18.541  34.970      2211.562   2363.331
 >>> SAVING BIOGEM TIME-SERIES AVERAGE CENTERED @ year :     8199.500
 $N$     8200.00       278.000   -6.500      16.470   3.846  18.541  34.970      2211.560   2363.330
 >>> SAVING BIOGEM TIME-SERIES AVERAGE CENTERED @ year :     8249.500
 $N$     8250.00       278.000   -6.500      16.470   3.846  18.541  34.970      2211.559   2363.329
 >>> SAVING BIOGEM TIME-SERIES AVERAGE CENTERED @ year :     8299.500
 $N$     8300.00       278.000   -6.500      16.470   3.846  18.541  34.970      2211.558   2363.329
 >>> SAVING BIOGEM TIME-SERIES AVERAGE CENTERED @ year :     8349.500
 $N$     8350.00       278.000   -6.500      16.470   3.846  18.541  34.970      2211.556   2363.328
 >>> SAVING BIOGEM TIME-SERIES AVERAGE CENTERED @ year :     8399.500
 $N$     8400.00       278.000   -6.500      16.470   3.846  18.541  34.970      2211.555   2363.327
 >>> SAVING BIOGEM TIME-SERIES AVERAGE CENTERED @ year :     8449.500
 $N$     8450.00       278.000   -6.500      16.470   3.846  18.541  34.970      2211.554   2363.326
 >>> SAVING BIOGEM TIME-SERIES AVERAGE CENTERED @ year :     8499.500
 $N$     8500.00       278.000   -6.500      16.470   3.846  18.541  34.970      2211.553   2363.325
 >>> SAVING BIOGEM TIME-SERIES AVERAGE CENTERED @ year :     8549.500
 $N$     8550.00       278.000   -6.500      16.470   3.846  18.541  34.970      2211.552   2363.324
 >>> SAVING BIOGEM TIME-SERIES AVERAGE CENTERED @ year :     8599.500
 $N$     8600.00       278.000   -6.500      16.470   3.846  18.541  34.970      2211.551   2363.323
 >>> SAVING BIOGEM TIME-SERIES AVERAGE CENTERED @ year :     8649.500
 $N$     8650.00       278.000   -6.500      16.470   3.846  18.541  34.970      2211.550   2363.322
 >>> SAVING BIOGEM TIME-SERIES AVERAGE CENTERED @ year :     8699.500
 $N$     8700.00       278.000   -6.500      16.470   3.846  18.541  34.970      2211.549   2363.322
 >>> SAVING BIOGEM TIME-SERIES AVERAGE CENTERED @ year :     8749.500
 $N$     8750.00       278.000   -6.500      16.470   3.846  18.541  34.970      2211.548   2363.321
 >>> SAVING BIOGEM TIME-SERIES AVERAGE CENTERED @ year :     8799.500
 $N$     8800.00       278.000   -6.500      16.470   3.846  18.541  34.970      2211.547   2363.320
 >>> SAVING BIOGEM TIME-SERIES AVERAGE CENTERED @ year :     8849.500
 $N$     8850.00       278.000   -6.500      16.470   3.846  18.541  34.970      2211.546   2363.319
 >>> SAVING BIOGEM TIME-SERIES AVERAGE CENTERED @ year :     8899.500
 $N$     8900.00       278.000   -6.500      16.470   3.846  18.541  34.970      2211.545   2363.318
 >>> SAVING BIOGEM TIME-SERIES AVERAGE CENTERED @ year :     8949.500
 $N$     8950.00       278.000   -6.500      16.470   3.846  18.541  34.970      2211.545   2363.317
 >>> SAVING BIOGEM TIME-SERIES AVERAGE CENTERED @ year :     8999.500
 $N$     9000.00       278.000   -6.500      16.470   3.846  18.541  34.970      2211.544   2363.316
 >>> SAVING BIOGEM TIME-SERIES AVERAGE CENTERED @ year :     9049.500
 $N$     9050.00       278.000   -6.500      16.470   3.846  18.541  34.970      2211.543   2363.316
 >>> SAVING BIOGEM TIME-SERIES AVERAGE CENTERED @ year :     9099.500
 $N$     9100.00       278.000   -6.500      16.470   3.846  18.541  34.970      2211.542   2363.316
 >>> SAVING BIOGEM TIME-SERIES AVERAGE CENTERED @ year :     9149.500
 $N$     9150.00       278.000   -6.500      16.470   3.846  18.541  34.970      2211.542   2363.316
 >>> SAVING BIOGEM TIME-SERIES AVERAGE CENTERED @ year :     9199.500
 $N$     9200.00       278.000   -6.500      16.470   3.846  18.541  34.970      2211.541   2363.316
 >>> SAVING BIOGEM TIME-SERIES AVERAGE CENTERED @ year :     9249.500
 $N$     9250.00       278.000   -6.500      16.470   3.846  18.541  34.970      2211.540   2363.316
 >>> SAVING BIOGEM TIME-SERIES AVERAGE CENTERED @ year :     9299.500
 $N$     9300.00       278.000   -6.500      16.470   3.846  18.541  34.970      2211.540   2363.316
 >>> SAVING BIOGEM TIME-SERIES AVERAGE CENTERED @ year :     9349.500
 $N$     9350.00       278.000   -6.500      16.470   3.846  18.541  34.970      2211.539   2363.316
 >>> SAVING BIOGEM TIME-SERIES AVERAGE CENTERED @ year :     9399.500
 $N$     9400.00       278.000   -6.500      16.470   3.846  18.541  34.970      2211.539   2363.316
 >>> SAVING BIOGEM TIME-SERIES AVERAGE CENTERED @ year :     9449.500
 $N$     9450.00       278.000   -6.500      16.470   3.846  18.541  34.970      2211.538   2363.316
 >>> SAVING BIOGEM TIME-SERIES AVERAGE CENTERED @ year :     9499.500
 $N$     9500.00       278.000   -6.500      16.470   3.846  18.541  34.970      2211.538   2363.316
 >>> SAVING BIOGEM TIME-SERIES AVERAGE CENTERED @ year :     9549.500
 $N$     9550.00       278.000   -6.500      16.470   3.846  18.541  34.970      2211.537   2363.316
 >>> SAVING BIOGEM TIME-SERIES AVERAGE CENTERED @ year :     9599.500
 $N$     9600.00       278.000   -6.500      16.470   3.846  18.541  34.970      2211.537   2363.316
 >>> SAVING BIOGEM TIME-SERIES AVERAGE CENTERED @ year :     9649.500
 $N$     9650.00       278.000   -6.500      16.470   3.846  18.541  34.970      2211.536   2363.316
 >>> SAVING BIOGEM TIME-SERIES AVERAGE CENTERED @ year :     9699.500
 $N$     9700.00       278.000   -6.500      16.470   3.846  18.541  34.970      2211.536   2363.316
 >>> SAVING BIOGEM TIME-SERIES AVERAGE CENTERED @ year :     9749.500
 $N$     9750.00       278.000   -6.500      16.470   3.846  18.541  34.970      2211.536   2363.316
 >>> SAVING BIOGEM TIME-SERIES AVERAGE CENTERED @ year :     9799.500
 $N$     9800.00       278.000   -6.500      16.470   3.846  18.541  34.970      2211.535   2363.316
 >>> SAVING BIOGEM TIME-SERIES AVERAGE CENTERED @ year :     9849.500
 $N$     9850.00       278.000   -6.500      16.470   3.846  18.541  34.970      2211.535   2363.316
 >>> SAVING BIOGEM TIME-SERIES AVERAGE CENTERED @ year :     9899.500
 $N$     9900.00       278.000   -6.500      16.470   3.846  18.541  34.970      2211.534   2363.316
 >>> SAVING BIOGEM TIME-SERIES AVERAGE CENTERED @ year :     9949.500
 $N$     9950.00       278.000   -6.500      16.470   3.846  18.541  34.970      2211.534   2363.316
 >>> SAVING BIOGEM TIME-SLICE AVERAGE CENTERED @ year  :     9999.500
 >>> SAVING BIOGEM TIME-SERIES AVERAGE CENTERED @ year :     9999.500
 $N$    10000.00       278.000   -6.500      16.470   3.846  18.541  34.970      2211.534   2363.316

 *******************************************************
  *** Simulation complete: shutdown starting ...
 *******************************************************

 =======================================================
  >>> Initialising GOLDSTEIN module shutdown ...
  <<< Shutdown complete
 =======================================================
 =======================================================
  >>> Initialising EMBM module shutdown ...
  <<< Shutdown complete
 =======================================================
 =======================================================
  >>> Initialising sea-ice module shutdown ...
  <<< Shutdown complete
 =======================================================
 =======================================================
  >>> Initialising BIOGEM module shutdown ...
  <<< Shutdown complete
 =======================================================
 =======================================================
  >>> Initialising ATCHEM module shutdown ...
  <<< Shutdown complete
 =======================================================
 =======================================================
  >>> Initialising GEM module shutdown ...
  <<< Shutdown complete
 =======================================================

 *******************************************************
  *** Shutdown complete; home time
 *******************************************************

 system_clock :    9911.4249999999993     
 cpu_clock:   9905.3763789999994     
